// Jest Snapshot v1, https://goo.gl/fbAQLP

exports[`SidebarMenu changes the class when hovered 1`] = `
.c2 {
  list-style: none;
  padding: 0;
  -webkit-transition: 0.2s linear;
  transition: 0.2s linear;
  -webkit-transform: translateX(100%);
  -ms-transform: translateX(100%);
  transform: translateX(100%);
  opacity: 0.5;
}

.c3 {
  visibility: hidden;
  background: rgba(0,0,0,0);
  -webkit-transition: 0.2s;
  transition: 0.2s;
  cursor: pointer;
}

.c0 {
  height: 100%;
  z-index: 999;
}

.c1 {
  width: 248px;
  position: absolute;
  left: 0;
  top: 0;
  bottom: 0;
  height: 100%;
  background: #550e33 linear-gradient(89deg,#550e33 0%,#ff4f5d 100%) 0% 0% no-repeat padding-box;
  -webkit-transition: 0.2s linear;
  transition: 0.2s linear;
  z-index: 1002;
  overflow: auto;
  -webkit-transform: translateX(-100%);
  -ms-transform: translateX(-100%);
  transform: translateX(-100%);
}

<div
  className="c0"
  open={false}
>
  <div
    className="c1 css-13rhp43"
    open={false}
  >
    Logo
    <ul
      className="c2"
    />
  </div>
  <div
    aria-label="Abrir menu"
    aria-ole="button"
    className="c3"
  />
</div>
`;
