// Jest Snapshot v1, https://goo.gl/fbAQLP

exports[`Should render DemandDetailing 1`] = `
.c1 {
  padding: 0;
  margin: 0;
  border-radius: 4px;
  border: 1px solid #DEDEDF;
  padding: 64px;
  padding-top: 32px;
  margin: 0;
}

.c1 legend {
  margin: 1em;
  padding: .3em;
}

.c0 legend {
  font-size: 21px;
}

.c2 {
  display: -webkit-box;
  display: -webkit-flex;
  display: -ms-flexbox;
  display: flex;
  -webkit-flex-direction: column;
  -ms-flex-direction: column;
  flex-direction: column;
  border-left: 1px solid #dededf;
}

<div
  className="c0"
>
  <fieldset
    className="c1"
  >
    <div
      className="c2"
    />
  </fieldset>
</div>
`;
