// Jest Snapshot v1, https://goo.gl/fbAQLP

exports[`should render BaseLayout without sidebar 1`] = `
<div
  className="sc-AxjAm sc-AxirZ sc-Axmtr kHQcDq"
>
  <div
    className="sc-AxjAm sc-fzozJi kQnvEm"
    display="flex"
  >
    <div
      className="sc-AxhCb gKulCB"
    >
      <header
        className="sc-AxheI jATbQL"
      >
        <h1
          className="sc-AxhUy ighnej"
          color="darkRed"
        >
          Cadastro de advogados
        </h1>
      </header>
    </div>
    <div
      className="sc-AxmLO sXEuK"
    >
      <p>
        Lorem ipsum dolor sit amet
      </p>
    </div>
  </div>
</div>
`;
