// Jest Snapshot v1, https://goo.gl/fbAQLP

exports[`Should render ProfileBox 1`] = `
.c3 {
  -webkit-appearance: none;
  -moz-appearance: none;
  appearance: none;
  font-family: inherit;
  border-radius: 4px;
  outline: none;
  cursor: pointer;
  padding: .5rem 1rem;
  border-style: solid;
  white-space: nowrap;
  text-overflow: ellipsis;
  overflow: hidden;
  border-color: undefined !important;
  color: #000;
  background-color: #e0e1e2;
  border-color: #e0e1e2;
  font-size: 16px;
  padding: 0;
  box-sizing: border-box;
  -webkit-text-decoration: none;
  text-decoration: none;
  color: #e0e1e2;
  border: none;
  background-color: transparent !important;
  box-shadow: none !important;
  outline: none;
  -webkit-text-decoration: none;
  text-decoration: none;
  -webkit-text-decoration: none;
  text-decoration: none;
}

.c3:focus {
  box-shadow: 0 0 8px #e0e1e2;
}

.c3:active:not(:disabled) {
  box-shadow: inset 0px 0px 5px #c1c1c1;
}

.c3:active,
.c3:hover {
  background-color: hsl(210,3.7%,79.4%);
}

.c3:disabled {
  background-color: hsl(210,2%,97.1%);
}

.c3:hover {
  -webkit-text-decoration: underline;
  text-decoration: underline;
  background-color: transparent;
}

.c0 {
  height: 100%;
  display: -webkit-box;
  display: -webkit-flex;
  display: -ms-flexbox;
  display: flex;
  -webkit-box-pack: start;
  -webkit-justify-content: flex-start;
  -ms-flex-pack: start;
  justify-content: flex-start;
  -webkit-align-items: center;
  -webkit-box-align: center;
  -ms-flex-align: center;
  align-items: center;
}

.c4 {
  font-weight: bold;
  font-size: 20px;
  color: #000;
  -webkit-text-decoration: none!important;
  text-decoration: none!important;
}

.c4:hover {
  color: #ef4d5a;
}

.c1 {
  height: 100%;
  margin-right: 7px;
}

.c2 {
  display: -webkit-box;
  display: -webkit-flex;
  display: -ms-flexbox;
  display: flex;
  -webkit-box-pack: start;
  -webkit-justify-content: flex-start;
  -ms-flex-pack: start;
  justify-content: flex-start;
  -webkit-align-items: center;
  -webkit-box-align: center;
  -ms-flex-align: center;
  align-items: center;
}

@media only screen and (max-width:500px) {
  .c0 {
    -webkit-flex-direction: column;
    -ms-flex-direction: column;
    flex-direction: column;
    -webkit-align-items: center;
    -webkit-box-align: center;
    -ms-flex-align: center;
    align-items: center;
    -webkit-box-pack: center;
    -webkit-justify-content: center;
    -ms-flex-pack: center;
    justify-content: center;
    margin: 0 8px;
  }
}

@media only screen and (max-width:500px) {
  .c1 {
    max-height: 20px;
    margin-right: 0;
    margin-bottom: 7px;
  }
}

<div
  className="c0"
>
  <img
    alt="bnz_icon"
    className="c1"
  />
  <div
    className="c2"
  >
    <button
      className="c3 c4"
      color="default"
      disabled={false}
      size="medium"
      type="button"
    >
      undefined BNZ
    </button>
  </div>
</div>
`;
